mode: set
github.com/helmedeiros/digital-asset-capitalization/internal/sprint/application/service/status_service.go:19.49,21.2 1 0
github.com/helmedeiros/digital-asset-capitalization/internal/sprint/application/service/status_service.go:24.74,25.22 1 1
github.com/helmedeiros/digital-asset-capitalization/internal/sprint/application/service/status_service.go:25.22,27.17 2 0
github.com/helmedeiros/digital-asset-capitalization/internal/sprint/application/service/status_service.go:27.17,29.4 1 0
github.com/helmedeiros/digital-asset-capitalization/internal/sprint/application/service/status_service.go:31.3,35.56 2 0
github.com/helmedeiros/digital-asset-capitalization/internal/sprint/application/service/status_service.go:35.56,37.4 1 0
github.com/helmedeiros/digital-asset-capitalization/internal/sprint/application/service/status_service.go:41.2,42.16 2 1
github.com/helmedeiros/digital-asset-capitalization/internal/sprint/application/service/status_service.go:42.16,44.3 1 1
github.com/helmedeiros/digital-asset-capitalization/internal/sprint/application/service/status_service.go:46.2,46.54 1 1
github.com/helmedeiros/digital-asset-capitalization/internal/sprint/application/service/status_service.go:50.97,57.2 2 1
github.com/helmedeiros/digital-asset-capitalization/internal/sprint/application/service/status_service.go:60.79,62.16 2 1
github.com/helmedeiros/digital-asset-capitalization/internal/sprint/application/service/status_service.go:62.16,63.25 1 1
github.com/helmedeiros/digital-asset-capitalization/internal/sprint/application/service/status_service.go:63.25,66.4 1 1
github.com/helmedeiros/digital-asset-capitalization/internal/sprint/application/service/status_service.go:67.3,67.18 1 1
github.com/helmedeiros/digital-asset-capitalization/internal/sprint/application/service/status_service.go:71.2,72.58 2 1
github.com/helmedeiros/digital-asset-capitalization/internal/sprint/application/service/status_service.go:72.58,74.3 1 1
github.com/helmedeiros/digital-asset-capitalization/internal/sprint/application/service/status_service.go:77.2,78.37 2 1
github.com/helmedeiros/digital-asset-capitalization/internal/sprint/application/service/status_service.go:78.37,80.10 2 1
github.com/helmedeiros/digital-asset-capitalization/internal/sprint/application/service/status_service.go:80.10,81.12 1 0
github.com/helmedeiros/digital-asset-capitalization/internal/sprint/application/service/status_service.go:84.3,87.56 2 1
github.com/helmedeiros/digital-asset-capitalization/internal/sprint/application/service/status_service.go:87.56,89.32 2 1
github.com/helmedeiros/digital-asset-capitalization/internal/sprint/application/service/status_service.go:89.32,91.5 1 1
github.com/helmedeiros/digital-asset-capitalization/internal/sprint/application/service/status_service.go:95.3,95.66 1 1
github.com/helmedeiros/digital-asset-capitalization/internal/sprint/application/service/status_service.go:95.66,97.39 2 0
github.com/helmedeiros/digital-asset-capitalization/internal/sprint/application/service/status_service.go:97.39,99.5 1 0
github.com/helmedeiros/digital-asset-capitalization/internal/sprint/application/service/status_service.go:103.3,103.69 1 1
github.com/helmedeiros/digital-asset-capitalization/internal/sprint/application/service/status_service.go:103.69,105.43 2 1
github.com/helmedeiros/digital-asset-capitalization/internal/sprint/application/service/status_service.go:105.43,107.12 2 1
github.com/helmedeiros/digital-asset-capitalization/internal/sprint/application/service/status_service.go:107.12,108.14 1 0
github.com/helmedeiros/digital-asset-capitalization/internal/sprint/application/service/status_service.go:111.5,117.80 2 1
github.com/helmedeiros/digital-asset-capitalization/internal/sprint/application/service/status_service.go:117.80,119.51 2 1
github.com/helmedeiros/digital-asset-capitalization/internal/sprint/application/service/status_service.go:119.51,120.53 1 1
github.com/helmedeiros/digital-asset-capitalization/internal/sprint/application/service/status_service.go:120.53,122.36 2 1
github.com/helmedeiros/digital-asset-capitalization/internal/sprint/application/service/status_service.go:122.36,124.9 1 1
github.com/helmedeiros/digital-asset-capitalization/internal/sprint/application/service/status_service.go:125.8,125.57 1 1
github.com/helmedeiros/digital-asset-capitalization/internal/sprint/application/service/status_service.go:130.5,130.41 1 1
github.com/helmedeiros/digital-asset-capitalization/internal/sprint/application/service/status_service.go:134.3,134.24 1 1
github.com/helmedeiros/digital-asset-capitalization/internal/sprint/application/service/status_service.go:137.2,137.21 1 1
github.com/helmedeiros/digital-asset-capitalization/internal/sprint/application/service/status_service.go:141.115,143.2 1 1
github.com/helmedeiros/digital-asset-capitalization/internal/sprint/application/service/status_service.go:146.87,148.2 1 1
github.com/helmedeiros/digital-asset-capitalization/internal/sprint/application/service/status_service.go:151.89,153.2 1 1
github.com/helmedeiros/digital-asset-capitalization/internal/sprint/application/service/status_service.go:156.93,158.2 1 1
github.com/helmedeiros/digital-asset-capitalization/internal/sprint/application/service/status_service.go:161.69,162.55 1 1
github.com/helmedeiros/digital-asset-capitalization/internal/sprint/application/service/status_service.go:162.55,163.36 1 1
github.com/helmedeiros/digital-asset-capitalization/internal/sprint/application/service/status_service.go:163.36,165.4 1 1
github.com/helmedeiros/digital-asset-capitalization/internal/sprint/application/service/status_service.go:167.2,167.11 1 1
